// 重构日志: a10c047f
// 重构日志: 6bab9ebb
// 重构日志: 91480980
// 重构日志: b35ecb3c
// 重构日志: 4b034167
// 重构日志: f52e4c59
// 同步 ID: 17df0065 @ Fri Jul 17 07:56:30 UTC 2026
// 同步 ID: 85bc8ba4 @ Fri Jul 17 17:39:18 UTC 2026
// 同步 ID: 1064ae74 @ Sun Jul 19 01:56:58 UTC 2026
// 重构日志: bca09f82
// 同步 ID: 9b17d21b @ Sun Jul 19 14:30:06 UTC 2026
// 重构日志: 3b717a46
// 重构日志: 9dfe8749
// 重构日志: 20401972
// 同步 ID: 7dce6ffe @ Thu Jul 23 01:13:42 UTC 2026
// 重构日志: 24d507d8
// 重构日志: 246ff577
// 重构日志: 3ae15d85
// 重构日志: 69dd4784
// 同步 ID: 678ccd7a @ Fri Jul 24 19:30:33 UTC 2026
// 重构日志: 46134b3d
// 重构日志: 2cac5a98
// 重构日志: 8f1d478c
// 同步 ID: 7b99cd5b @ Sun Jul 26 14:15:50 UTC 2026
// 重构日志: d3ffa878
// 重构日志: fe2fb0c5
// 重构日志: 449fc992
// 同步 ID: 5d029ad3 @ Wed Jul 29 05:30:47 UTC 2026
// 重构日志: 5e4619e4
// 同步 ID: 42fb267b @ Wed Jul 29 19:15:46 UTC 2026
// 重构日志: e1387da1
// 重构日志: 5330865c
// 重构日志: a39cebbc
